C51 COMPILER V9.60.0.0   MOTOR                                                             01/03/2020 13:34:17 PAGE 1   


C51 COMPILER V9.60.0.0, COMPILATION OF MODULE MOTOR
OBJECT MODULE PLACED IN .\Objects\motor.obj
COMPILER INVOKED BY: C:\Keil\C51\BIN\C51.EXE motor.c OPTIMIZE(8,SPEED) BROWSE DEBUG OBJECTEXTEND PRINT(.\Listings\motor.
                    -lst) TABS(2) OBJECT(.\Objects\motor.obj)

line level    source

   1          #include <reg52.h>
   2          //#include <math.h>
   3          
   4          typedef unsigned char uchar;
   5          typedef unsigned int uint;
   6          
   7          sbit key1=P3^1;
   8          sbit key2=P3^0;
   9          sbit key3=P3^2;
  10          sbit key4=P3^3;
  11          sbit PWM_OUT=P2^7;
  12          
  13          uint PWM_Value;
  14          uchar order=0;
  15          uchar flag;
  16          
  17          void smg(uint a);
  18          
  19          void Delay(unsigned int s)
  20          {
  21   1      unsigned int i;
  22   1      for(i=0; i<s; i++);
  23   1      for(i=0; i<s; i++);
  24   1      }
  25          
  26          void Init_Timer0()        
  27          {
  28   1      TMOD=0x11;
  29   1      TH0=(65536-1500)/256;
  30   1      TL0=(65536-1500)%256;
  31   1      EA = 1;
  32   1      ET0 = 1;
  33   1      TR0 = 1;
  34   1      PT0=1;
  35   1      }
  36          
  37          void motor()
  38          {
  39   1        void Delay(unsigned int s);
  40   1        void Init_Timer0();
  41   1        PWM_Value = 1500;
  42   1        Init_Timer0();
  43   1        while(1)
  44   1        {
  45   2          if((key1==0)|key2==0)
  46   2          {
  47   3            if(key1==0)
  48   3              flag = 1;
  49   3            else
  50   3              flag = 2;
  51   3          }
  52   2          else
  53   2              flag=0;
  54   2          Delay(20);
C51 COMPILER V9.60.0.0   MOTOR                                                             01/03/2020 13:34:17 PAGE 2   

  55   2          smg(PWM_Value);
  56   2        }
  57   1      }
  58          
  59          void timer0(void) interrupt 1
  60          {
  61   1      if(flag == 1)
  62   1          PWM_Value += 1;
  63   1      else if(flag == 2)
  64   1          PWM_Value -= 1;
  65   1      if(PWM_Value >= 2500)
  66   1        PWM_Value = 2500;
  67   1      if(PWM_Value <= 500)
  68   1        PWM_Value = 500;
  69   1      
  70   1      
  71   1      switch(order)
  72   1      {
  73   2        case 1:PWM_OUT=1;
  74   2             TH0=(65536-PWM_Value)>>8; 
  75   2             TL0=(uchar)(65536-PWM_Value);
  76   2             break;                          
  77   2        case 2:PWM_OUT=0;
  78   2             TH0=(65536-(5000-PWM_Value))>>8;    
  79   2             TL0=(uchar)(65536-(5000-PWM_Value));
  80   2             break;                          
  81   2        case 3:
  82   2             TH0=60536>>8;   
  83   2             TL0=(uchar)60536;
  84   2             break;
  85   2        case 4:
  86   2             TH0=60536>>8;   
  87   2             TL0=(uchar)60536;
  88   2             order=0;
  89   2             break;
  90   2      default: order=0; 
  91   2             break;
  92   2      } 
  93   1             order++;
  94   1      }


MODULE INFORMATION:   STATIC OVERLAYABLE
   CODE SIZE        =    344    ----
   CONSTANT SIZE    =   ----    ----
   XDATA SIZE       =   ----    ----
   PDATA SIZE       =   ----    ----
   DATA SIZE        =      4    ----
   IDATA SIZE       =   ----    ----
   BIT SIZE         =   ----    ----
END OF MODULE INFORMATION.


C51 COMPILATION COMPLETE.  0 WARNING(S),  0 ERROR(S)
